// Jest Snapshot v1, https://goo.gl/fbAQLP

exports[`renderiza el componente correctamente 1`] = `
Object {
  "asFragment": [Function],
  "baseElement": <body>
    <div>
      <div
        class="card"
        data-bs-theme="light"
        style="width: 18rem; height: 550px;"
      >
        <img
          class="card-img-top"
          src="data:image/jpeg;base64,undefined"
          style="height: 200px;"
        />
        <div
          class="card-body"
        >
          <div
            class="card-title h5"
          />
        </div>
        <div
          class="list-group-flush list-group"
        />
        <div
          class="card-body-botones card-body"
        >
          <button
            class="boton-sanscrito btn btn-primary"
            type="button"
          >
            Sánscrito
          </button>
          <button
            class="boton-español btn btn-primary"
            type="button"
          >
            Español
          </button>
          <button
            class="boton-ingles btn btn-primary"
            type="button"
          >
            Inglés
          </button>
        </div>
      </div>
    </div>
  </body>,
  "container": <div>
    <div
      class="card"
      data-bs-theme="light"
      style="width: 18rem; height: 550px;"
    >
      <img
        class="card-img-top"
        src="data:image/jpeg;base64,undefined"
        style="height: 200px;"
      />
      <div
        class="card-body"
      >
        <div
          class="card-title h5"
        />
      </div>
      <div
        class="list-group-flush list-group"
      />
      <div
        class="card-body-botones card-body"
      >
        <button
          class="boton-sanscrito btn btn-primary"
          type="button"
        >
          Sánscrito
        </button>
        <button
          class="boton-español btn btn-primary"
          type="button"
        >
          Español
        </button>
        <button
          class="boton-ingles btn btn-primary"
          type="button"
        >
          Inglés
        </button>
      </div>
    </div>
  </div>,
  "debug": [Function],
  "findAllByAltText": [Function],
  "findAllByDisplayValue": [Function],
  "findAllByLabelText": [Function],
  "findAllByPlaceholderText": [Function],
  "findAllByRole": [Function],
  "findAllByTestId": [Function],
  "findAllByText": [Function],
  "findAllByTitle": [Function],
  "findByAltText": [Function],
  "findByDisplayValue": [Function],
  "findByLabelText": [Function],
  "findByPlaceholderText": [Function],
  "findByRole": [Function],
  "findByTestId": [Function],
  "findByText": [Function],
  "findByTitle": [Function],
  "getAllByAltText": [Function],
  "getAllByDisplayValue": [Function],
  "getAllByLabelText": [Function],
  "getAllByPlaceholderText": [Function],
  "getAllByRole": [Function],
  "getAllByTestId": [Function],
  "getAllByText": [Function],
  "getAllByTitle": [Function],
  "getByAltText": [Function],
  "getByDisplayValue": [Function],
  "getByLabelText": [Function],
  "getByPlaceholderText": [Function],
  "getByRole": [Function],
  "getByTestId": [Function],
  "getByText": [Function],
  "getByTitle": [Function],
  "queryAllByAltText": [Function],
  "queryAllByDisplayValue": [Function],
  "queryAllByLabelText": [Function],
  "queryAllByPlaceholderText": [Function],
  "queryAllByRole": [Function],
  "queryAllByTestId": [Function],
  "queryAllByText": [Function],
  "queryAllByTitle": [Function],
  "queryByAltText": [Function],
  "queryByDisplayValue": [Function],
  "queryByLabelText": [Function],
  "queryByPlaceholderText": [Function],
  "queryByRole": [Function],
  "queryByTestId": [Function],
  "queryByText": [Function],
  "queryByTitle": [Function],
  "rerender": [Function],
  "unmount": [Function],
}
`;

exports[`verificar la existencia de elementos en el componente 1`] = `
Object {
  "asFragment": [Function],
  "baseElement": <body>
    <div>
      <div
        class="card"
        data-bs-theme="light"
        style="width: 18rem; height: 550px;"
      >
        <img
          class="card-img-top"
          src="data:image/jpeg;base64,undefined"
          style="height: 200px;"
        />
        <div
          class="card-body"
        >
          <div
            class="card-title h5"
          />
        </div>
        <div
          class="list-group-flush list-group"
        />
        <div
          class="card-body-botones card-body"
        >
          <button
            class="boton-sanscrito btn btn-primary"
            type="button"
          >
            Sánscrito
          </button>
          <button
            class="boton-español btn btn-primary"
            type="button"
          >
            Español
          </button>
          <button
            class="boton-ingles btn btn-primary"
            type="button"
          >
            Inglés
          </button>
        </div>
      </div>
    </div>
  </body>,
  "container": <div>
    <div
      class="card"
      data-bs-theme="light"
      style="width: 18rem; height: 550px;"
    >
      <img
        class="card-img-top"
        src="data:image/jpeg;base64,undefined"
        style="height: 200px;"
      />
      <div
        class="card-body"
      >
        <div
          class="card-title h5"
        />
      </div>
      <div
        class="list-group-flush list-group"
      />
      <div
        class="card-body-botones card-body"
      >
        <button
          class="boton-sanscrito btn btn-primary"
          type="button"
        >
          Sánscrito
        </button>
        <button
          class="boton-español btn btn-primary"
          type="button"
        >
          Español
        </button>
        <button
          class="boton-ingles btn btn-primary"
          type="button"
        >
          Inglés
        </button>
      </div>
    </div>
  </div>,
  "debug": [Function],
  "findAllByAltText": [Function],
  "findAllByDisplayValue": [Function],
  "findAllByLabelText": [Function],
  "findAllByPlaceholderText": [Function],
  "findAllByRole": [Function],
  "findAllByTestId": [Function],
  "findAllByText": [Function],
  "findAllByTitle": [Function],
  "findByAltText": [Function],
  "findByDisplayValue": [Function],
  "findByLabelText": [Function],
  "findByPlaceholderText": [Function],
  "findByRole": [Function],
  "findByTestId": [Function],
  "findByText": [Function],
  "findByTitle": [Function],
  "getAllByAltText": [Function],
  "getAllByDisplayValue": [Function],
  "getAllByLabelText": [Function],
  "getAllByPlaceholderText": [Function],
  "getAllByRole": [Function],
  "getAllByTestId": [Function],
  "getAllByText": [Function],
  "getAllByTitle": [Function],
  "getByAltText": [Function],
  "getByDisplayValue": [Function],
  "getByLabelText": [Function],
  "getByPlaceholderText": [Function],
  "getByRole": [Function],
  "getByTestId": [Function],
  "getByText": [Function],
  "getByTitle": [Function],
  "queryAllByAltText": [Function],
  "queryAllByDisplayValue": [Function],
  "queryAllByLabelText": [Function],
  "queryAllByPlaceholderText": [Function],
  "queryAllByRole": [Function],
  "queryAllByTestId": [Function],
  "queryAllByText": [Function],
  "queryAllByTitle": [Function],
  "queryByAltText": [Function],
  "queryByDisplayValue": [Function],
  "queryByLabelText": [Function],
  "queryByPlaceholderText": [Function],
  "queryByRole": [Function],
  "queryByTestId": [Function],
  "queryByText": [Function],
  "queryByTitle": [Function],
  "rerender": [Function],
  "unmount": [Function],
}
`;
